// Jest Snapshot v1, https://goo.gl/fbAQLP

exports[`ScrawlChart renders correctly 1`] = `
ShallowWrapper {
  "complexSelector": ComplexSelector {
    "buildPredicate": [Function],
    "childrenOfNode": [Function],
    "findWhereUnwrapped": [Function],
  },
  "length": 1,
  "node": <div
    className="scrawlChart"
>
    <p
        className="scrawlChart-title"
    >
        Opening Scrawl Lengths
    </p>
    <ul
        className="bar-graph"
    >
        <li
            className="bar-graph-axis"
        >
            <div
                className="bar-graph-label"
            >
                100
            </div>
            <div
                className="bar-graph-label"
            >
                50
            </div>
            <div
                className="bar-graph-label"
            >
                0
            </div>
        </li>
    </ul>
</div>,
  "nodes": Array [
    <div
      className="scrawlChart"
>
      <p
            className="scrawlChart-title"
      >
            Opening Scrawl Lengths
      </p>
      <ul
            className="bar-graph"
      >
            <li
                  className="bar-graph-axis"
            >
                  <div
                        className="bar-graph-label"
                  >
                        100
                  </div>
                  <div
                        className="bar-graph-label"
                  >
                        50
                  </div>
                  <div
                        className="bar-graph-label"
                  >
                        0
                  </div>
            </li>
      </ul>
</div>,
  ],
  "options": Object {},
  "renderer": ReactShallowRenderer {
    "_instance": ShallowComponentWrapper {
      "_calledComponentWillUnmount": false,
      "_compositeType": 2,
      "_context": Object {},
      "_currentElement": <ScrawlChart />,
      "_debugID": 1,
      "_hostContainerInfo": null,
      "_hostParent": null,
      "_instance": StatelessComponent {
        "_reactInternalInstance": [Circular],
        "context": Object {},
        "props": Object {},
        "refs": Object {},
        "state": null,
        "updater": Object {
          "enqueueCallback": [Function],
          "enqueueCallbackInternal": [Function],
          "enqueueElementInternal": [Function],
          "enqueueForceUpdate": [Function],
          "enqueueReplaceState": [Function],
          "enqueueSetState": [Function],
          "isMounted": [Function],
          "validateCallback": [Function],
        },
      },
      "_mountOrder": 1,
      "_pendingCallbacks": null,
      "_pendingElement": null,
      "_pendingForceUpdate": false,
      "_pendingReplaceState": false,
      "_pendingStateQueue": null,
      "_renderedComponent": NoopInternalComponent {
        "_currentElement": <div
          className="scrawlChart"
>
          <p
                    className="scrawlChart-title"
          >
                    Opening Scrawl Lengths
          </p>
          <ul
                    className="bar-graph"
          >
                    <li
                              className="bar-graph-axis"
                    >
                              <div
                                        className="bar-graph-label"
                              >
                                        100
                              </div>
                              <div
                                        className="bar-graph-label"
                              >
                                        50
                              </div>
                              <div
                                        className="bar-graph-label"
                              >
                                        0
                              </div>
                    </li>
          </ul>
</div>,
        "_debugID": 2,
        "_renderedOutput": <div
          className="scrawlChart"
>
          <p
                    className="scrawlChart-title"
          >
                    Opening Scrawl Lengths
          </p>
          <ul
                    className="bar-graph"
          >
                    <li
                              className="bar-graph-axis"
                    >
                              <div
                                        className="bar-graph-label"
                              >
                                        100
                              </div>
                              <div
                                        className="bar-graph-label"
                              >
                                        50
                              </div>
                              <div
                                        className="bar-graph-label"
                              >
                                        0
                              </div>
                    </li>
          </ul>
</div>,
      },
      "_renderedNodeType": 0,
      "_rootNodeID": 0,
      "_topLevelWrapper": null,
      "_updateBatchNumber": null,
      "_warnedAboutRefsInRender": false,
    },
    "getRenderOutput": [Function],
    "render": [Function],
  },
  "root": [Circular],
  "unrendered": <ScrawlChart />,
}
`;
